src/pages/api/add-to-cart-validated.ts(41,38): error TS2339: Property 'stock' does not exist on type 'never'.
src/pages/api/add-to-cart-validated.ts(49,36): error TS2339: Property 'nombre' does not exist on type 'never'.
src/pages/api/add-to-cart-validated.ts(62,21): error TS2345: Argument of type '{ stock: number; }' is not assignable to parameter of type 'never'.
src/pages/api/add-to-cart-validated.ts(76,47): error TS2339: Property 'stock' does not exist on type 'never'.
src/pages/api/add-to-cart-validated.ts(83,40): error TS2339: Property 'nombre' does not exist on type 'never'.
src/pages/api/add-to-cart-validated.ts(93,25): error TS2345: Argument of type '{ stock: number; }' is not assignable to parameter of type 'never'.
src/pages/api/add-to-cart-validated.ts(103,40): error TS2339: Property 'nombre' does not exist on type 'never'.
src/pages/api/add-to-cart-validated.ts(116,34): error TS2339: Property 'nombre' does not exist on type 'never'.
src/pages/api/add-to-cart-validated.ts(120,30): error TS2339: Property 'id' does not exist on type 'never'.
src/pages/api/add-to-cart-validated.ts(121,34): error TS2339: Property 'nombre' does not exist on type 'never'.
src/pages/api/add-to-cart-validated.ts(122,34): error TS2339: Property 'precio' does not exist on type 'never'.
src/pages/api/admin/cupones/[id].ts(25,21): error TS2345: Argument of type 'any' is not assignable to parameter of type 'never'.
src/pages/api/admin/cupones/index.ts(30,14): error TS2769: No overload matches this call.
  Overload 1 of 2, '(values: never, options?: { count?: "exact" | "planned" | "estimated" | undefined; } | undefined): PostgrestFilterBuilder<{ PostgrestVersion: "12"; }, never, never, null, "cupones", never, "POST">', gave the following error.
    Argument of type '{ codigo: any; tipo_descuento: any; valor_descuento: any; cantidad_minima_compra: any; limite_usos: any; fecha_expiracion: any; uso_unico_por_usuario: boolean; activo: boolean; fecha_inicio: string; }' is not assignable to parameter of type 'never'.
  Overload 2 of 2, '(values: never[], options?: { count?: "exact" | "planned" | "estimated" | undefined; defaultToNull?: boolean | undefined; } | undefined): PostgrestFilterBuilder<{ PostgrestVersion: "12"; }, never, never, null, "cupones", never, "POST">', gave the following error.
    Object literal may only specify known properties, and 'codigo' does not exist in type 'never[]'.
src/pages/api/cambiar-contrasena.ts(117,8): error TS2769: No overload matches this call.
  Overload 1 of 2, '(values: never, options?: { count?: "exact" | "planned" | "estimated" | undefined; } | undefined): PostgrestFilterBuilder<{ PostgrestVersion: "12"; }, never, never, null, "cambios_contrasena", never, "POST">', gave the following error.
    Argument of type '{ usuario_id: string; fecha_cambio: string; ip_origen: string; }' is not assignable to parameter of type 'never'.
  Overload 2 of 2, '(values: never[], options?: { count?: "exact" | "planned" | "estimated" | undefined; defaultToNull?: boolean | undefined; } | undefined): PostgrestFilterBuilder<{ PostgrestVersion: "12"; }, never, never, null, "cambios_contrasena", never, "POST">', gave the following error.
    Object literal may only specify known properties, and 'usuario_id' does not exist in type 'never[]'.
src/pages/api/cupones/debug.ts(26,29): error TS2345: Argument of type '{ p_codigo: string; p_usuario_id: string | null; p_subtotal: number; }' is not assignable to parameter of type 'undefined'.
src/pages/api/cupones/validar.ts(42,29): error TS2345: Argument of type '{ p_codigo: any; p_usuario_id: any; p_subtotal: any; }' is not assignable to parameter of type 'undefined'.
src/pages/api/cupones/validar.ts(66,54): error TS2339: Property 'length' does not exist on type 'never'.
src/pages/api/cupones/validar.ts(84,26): error TS2339: Property 'cupon_id' does not exist on type 'never'.
src/pages/api/cupones/validar.ts(85,27): error TS2339: Property 'valido' does not exist on type 'never'.
src/pages/api/cupones/validar.ts(86,48): error TS2339: Property 'descuento_calculado' does not exist on type 'never'.
src/pages/api/cupones/validar.ts(86,76): error TS2339: Property 'descuento_cal' does not exist on type 'never'.
src/pages/api/cupones/validar.ts(87,30): error TS2339: Property 'descripcion' does not exist on type 'never'.
src/pages/api/cupones/validar.ts(88,26): error TS2339: Property 'mensaje' does not exist on type 'never'.
src/pages/api/direcciones/guardar.ts(54,43): error TS2339: Property 'nombre' does not exist on type 'never'.
src/pages/api/direcciones/guardar.ts(55,46): error TS2339: Property 'apellidos' does not exist on type 'never'.
src/pages/api/direcciones/guardar.ts(69,25): error TS2345: Argument of type '{ es_principal: boolean; }' is not assignable to parameter of type 'never'.
src/pages/api/direcciones/guardar.ts(107,25): error TS2345: Argument of type '{ usuario_id: string; nombre_completo: any; telefono: any; calle: any; ciudad: any; provincia: any; codigo_postal: any; pais: any; es_principal: boolean; actualizado_en: string; }' is not assignable to parameter of type 'never'.
src/pages/api/direcciones/guardar.ts(125,25): error TS2769: No overload matches this call.
  Overload 1 of 2, '(values: never, options?: { count?: "exact" | "planned" | "estimated" | undefined; } | undefined): PostgrestFilterBuilder<{ PostgrestVersion: "12"; }, never, never, null, "direcciones_envio", never, "POST">', gave the following error.
    Argument of type '{ usuario_id: string; nombre_completo: any; telefono: any; calle: any; ciudad: any; provincia: any; codigo_postal: any; pais: any; es_principal: boolean; actualizado_en: string; }' is not assignable to parameter of type 'never'.
  Overload 2 of 2, '(values: never[], options?: { count?: "exact" | "planned" | "estimated" | undefined; defaultToNull?: boolean | undefined; } | undefined): PostgrestFilterBuilder<{ PostgrestVersion: "12"; }, never, never, null, "direcciones_envio", never, "POST">', gave the following error.
    Argument of type '{ usuario_id: string; nombre_completo: any; telefono: any; calle: any; ciudad: any; provincia: any; codigo_postal: any; pais: any; es_principal: boolean; actualizado_en: string; }' is not assignable to parameter of type 'never[]'.
      Type '{ usuario_id: string; nombre_completo: any; telefono: any; calle: any; ciudad: any; provincia: any; codigo_postal: any; pais: any; es_principal: boolean; actualizado_en: string; }' is missing the following properties from type 'never[]': length, pop, push, concat, and 29 more.
src/pages/api/newsletter/suscribir.ts(35,32): error TS2339: Property 'estado_suscripcion' does not exist on type 'never'.
src/pages/api/newsletter/suscribir.ts(67,8): error TS2769: No overload matches this call.
  Overload 1 of 2, '(values: never, options?: { count?: "exact" | "planned" | "estimated" | undefined; } | undefined): PostgrestFilterBuilder<{ PostgrestVersion: "12"; }, never, never, null, "cupones", never, "POST">', gave the following error.
    Argument of type '{ codigo: never; descripcion: string; tipo_descuento: string; valor_descuento: number; cantidad_minima_compra: number; uso_unico: boolean; limite_usos: number; activo: boolean; fecha_expiracion: Date; }' is not assignable to parameter of type 'never'.
  Overload 2 of 2, '(values: never[], options?: { count?: "exact" | "planned" | "estimated" | undefined; defaultToNull?: boolean | undefined; } | undefined): PostgrestFilterBuilder<{ PostgrestVersion: "12"; }, never, never, null, "cupones", never, "POST">', gave the following error.
    Object literal may only specify known properties, and 'codigo' does not exist in type 'never[]'.
src/pages/api/newsletter/suscribir.ts(90,8): error TS2769: No overload matches this call.
  Overload 1 of 2, '(values: never, options?: { onConflict?: string | undefined; ignoreDuplicates?: boolean | undefined; count?: "exact" | "planned" | "estimated" | undefined; } | undefined): PostgrestFilterBuilder<{ ...; }, ... 5 more ..., "POST">', gave the following error.
    Argument of type '{ email: any; usuario_id: any; estado_suscripcion: boolean; recibe_ofertas: boolean; codigo_descuento_otorgado: never; fecha_suscripcion: string; fecha_confirmacion: string; }' is not assignable to parameter of type 'never'.
  Overload 2 of 2, '(values: never[], options?: { onConflict?: string | undefined; ignoreDuplicates?: boolean | undefined; count?: "exact" | "planned" | "estimated" | undefined; defaultToNull?: boolean | undefined; } | undefined): PostgrestFilterBuilder<...>', gave the following error.
    Object literal may only specify known properties, and 'email' does not exist in type 'never[]'.
src/pages/api/ordenes/[id].ts(45,16): error TS2339: Property 'usuario_id' does not exist on type 'never'.
src/pages/api/ordenes/[id].ts(49,32): error TS2339: Property 'email' does not exist on type 'never'.
src/pages/api/ordenes/[id].ts(49,47): error TS2339: Property 'email_cliente' does not exist on type 'never'.
src/pages/api/ordenes/[id].ts(52,52): error TS2339: Property 'numero_orden' does not exist on type 'never'.
src/pages/api/ordenes/[id].ts(55,19): error TS2345: Argument of type '{ usuario_id: string; }' is not assignable to parameter of type 'never'.
src/pages/api/ordenes/[id].ts(56,27): error TS2339: Property 'id' does not exist on type 'never'.
src/pages/api/ordenes/[id].ts(58,15): error TS2339: Property 'usuario_id' does not exist on type 'never'.
src/pages/api/ordenes/[id].ts(64,28): error TS2339: Property 'usuario_id' does not exist on type 'never'.
src/pages/api/ordenes/[id].ts(64,48): error TS2339: Property 'usuario_id' does not exist on type 'never'.
src/pages/api/ordenes/[id].ts(64,82): error TS2339: Property 'usuario_id' does not exist on type 'never'.
src/pages/api/ordenes/[id].ts(89,29): error TS2339: Property 'id' does not exist on type 'never'.
src/pages/api/ordenes/[id].ts(111,21): error TS2339: Property 'id' does not exist on type 'never'.
src/pages/api/ordenes/[id].ts(112,31): error TS2339: Property 'numero_orden' does not exist on type 'never'.
src/pages/api/ordenes/[id].ts(113,25): error TS2339: Property 'estado' does not exist on type 'never'.
src/pages/api/ordenes/[id].ts(114,30): error TS2339: Property 'estado_pago' does not exist on type 'never'.
src/pages/api/ordenes/[id].ts(115,27): error TS2339: Property 'subtotal' does not exist on type 'never'.
src/pages/api/ordenes/[id].ts(116,27): error TS2339: Property 'cupon_id' does not exist on type 'never'.
src/pages/api/ordenes/[id].ts(117,30): error TS2339: Property 'gastos_envio' does not exist on type 'never'.
src/pages/api/ordenes/[id].ts(117,52): error TS2339: Property 'costo_envio' does not exist on type 'never'.
src/pages/api/ordenes/[id].ts(118,24): error TS2339: Property 'total' does not exist on type 'never'.
src/pages/api/ordenes/[id].ts(119,34): error TS2339: Property 'direccion_envio' does not exist on type 'never'.
src/pages/api/ordenes/[id].ts(120,24): error TS2339: Property 'email' does not exist on type 'never'.
src/pages/api/ordenes/[id].ts(121,25): error TS2339: Property 'nombre' does not exist on type 'never'.
src/pages/api/ordenes/[id].ts(121,41): error TS2339: Property 'customer_name' does not exist on type 'never'.
src/pages/api/ordenes/[id].ts(121,64): error TS2339: Property 'direccion_envio' does not exist on type 'never'.
src/pages/api/ordenes/[id].ts(122,27): error TS2339: Property 'telefono' does not exist on type 'never'.
src/pages/api/ordenes/[id].ts(122,45): error TS2339: Property 'telefono_cliente' does not exist on type 'never'.
src/pages/api/ordenes/[id].ts(123,33): error TS2339: Property 'fecha_creacion' does not exist on type 'never'.
src/pages/api/ordenes/[id].ts(123,57): error TS2339: Property 'creada_en' does not exist on type 'never'.
src/pages/api/ordenes/[id].ts(123,76): error TS2339: Property 'created_at' does not exist on type 'never'.
src/pages/api/ordenes/[id].ts(124,29): error TS2339: Property 'fecha_pago' does not exist on type 'never'.
src/pages/api/ordenes/[id].ts(125,30): error TS2339: Property 'fecha_envio' does not exist on type 'never'.
src/pages/api/ordenes/[id].ts(126,37): error TS2339: Property 'numero_seguimiento' does not exist on type 'never'.
src/pages/api/ordenes/[id].ts(129,28): error TS2339: Property 'impuestos' does not exist on type 'never'.
src/pages/api/ordenes/[id].ts(130,29): error TS2339: Property 'usuario_id' does not exist on type 'never'.
src/pages/api/pagos/procesar-stripe.ts(70,87): error TS2339: Property 'numero_orden' does not exist on type 'never'.
src/pages/api/pagos/procesar-stripe.ts(74,36): error TS2339: Property 'id' does not exist on type 'never'.
src/pages/api/pagos/procesar-stripe.ts(75,40): error TS2339: Property 'numero_orden' does not exist on type 'never'.
src/pages/api/pagos/procesar-stripe.ts(97,69): error TS2339: Property 'id' does not exist on type 'never'.
src/pages/api/pagos/procesar-stripe.ts(98,42): error TS2339: Property 'id' does not exist on type 'never'.
src/pages/api/pagos/procesar-stripe.ts(142,38): error TS2339: Property 'numero_orden' does not exist on type 'never'.
src/pages/api/pagos/procesar-stripe.ts(144,35): error TS2339: Property 'numero_orden' does not exist on type 'never'.
src/pages/api/pagos/procesar-stripe.ts(219,17): error TS2339: Property 'id' does not exist on type 'never'.
src/pages/api/pagos/procesar-stripe.ts(220,27): error TS2339: Property 'numero_orden' does not exist on type 'never'.
src/pages/api/pagos/procesar-stripe.ts(221,20): error TS2339: Property 'total' does not exist on type 'never'.
src/pages/api/pagos/procesar-stripe.ts(230,29): error TS2339: Property 'id' does not exist on type 'never'.
src/pages/api/pagos/procesar-stripe.ts(240,29): error TS2339: Property 'id' does not exist on type 'never'.
src/pages/api/pagos/procesar-stripe.ts(295,17): error TS2339: Property 'numero_orden' does not exist on type 'never'.
src/pages/api/pagos/procesar-stripe.ts(333,25): error TS2339: Property 'id' does not exist on type 'never'.
src/pages/api/pagos/procesar-stripe.ts(334,29): error TS2339: Property 'numero_orden' does not exist on type 'never'.
src/pages/api/pedidos/cancelar.ts(47,15): error TS2339: Property 'estado' does not exist on type 'never'.
src/pages/api/pedidos/cancelar.ts(50,64): error TS2339: Property 'estado' does not exist on type 'never'.
src/pages/api/pedidos/cancelar.ts(51,32): error TS2339: Property 'estado' does not exist on type 'never'.
src/pages/api/pedidos/cancelar.ts(67,39): error TS2345: Argument of type '{ p_orden_id: any; p_usuario_id: any; }' is not assignable to parameter of type 'undefined'.
src/pages/api/pedidos/cancelar.ts(103,8): error TS2769: No overload matches this call.
  Overload 1 of 2, '(values: never, options?: { count?: "exact" | "planned" | "estimated" | undefined; } | undefined): PostgrestFilterBuilder<{ PostgrestVersion: "12"; }, never, never, null, "ordenes_historial", never, "POST">', gave the following error.
    Argument of type '{ orden_id: any; estado_anterior: any; estado_nuevo: string; razon: string; usuario_id: any; }' is not assignable to parameter of type 'never'.
  Overload 2 of 2, '(values: never[], options?: { count?: "exact" | "planned" | "estimated" | undefined; defaultToNull?: boolean | undefined; } | undefined): PostgrestFilterBuilder<{ PostgrestVersion: "12"; }, never, never, null, "ordenes_historial", never, "POST">', gave the following error.
    Object literal may only specify known properties, and 'orden_id' does not exist in type 'never[]'.
src/pages/api/pedidos/cancelar.ts(105,32): error TS2339: Property 'estado' does not exist on type 'never'.
src/pages/api/pedidos/cancelar.ts(115,34): error TS2339: Property 'numero_orden' does not exist on type 'never'.
src/pages/api/pedidos/cancelar.ts(116,37): error TS2339: Property 'total' does not exist on type 'never'.
src/pages/api/pedidos/cancelar.ts(128,31): error TS2339: Property 'numero_orden' does not exist on type 'never'.
src/pages/api/pedidos/cancelar.ts(131,28): error TS2339: Property 'total' does not exist on type 'never'.
src/pages/api/perfil/actualizar.ts(61,17): error TS2345: Argument of type '{ nombre: any; apellidos: any; telefono: any; actualizado_en: string; }' is not assignable to parameter of type 'never'.
src/pages/api/perfil/actualizar.ts(76,10): error TS2769: No overload matches this call.
  Overload 1 of 2, '(values: never, options?: { count?: "exact" | "planned" | "estimated" | undefined; } | undefined): PostgrestFilterBuilder<{ PostgrestVersion: "12"; }, never, never, null, "usuarios", never, "POST">', gave the following error.
    Argument of type '{ id: string; nombre: any; apellidos: any; email: string | undefined; telefono: any; activo: boolean; creado_en: string; actualizado_en: string; }' is not assignable to parameter of type 'never'.
  Overload 2 of 2, '(values: never[], options?: { count?: "exact" | "planned" | "estimated" | undefined; defaultToNull?: boolean | undefined; } | undefined): PostgrestFilterBuilder<{ PostgrestVersion: "12"; }, never, never, null, "usuarios", never, "POST">', gave the following error.
    Object literal may only specify known properties, and 'id' does not exist in type 'never[]'.
src/pages/api/perfil/preferencias.ts(43,15): error TS2345: Argument of type '{ recibir_ofertas: boolean; notificaciones_pedidos: boolean; actualizado_en: string; }' is not assignable to parameter of type 'never'.
src/pages/api/restore-stock.ts(40,38): error TS2339: Property 'stock' does not exist on type 'never'.
src/pages/api/restore-stock.ts(45,21): error TS2345: Argument of type '{ stock: any; }' is not assignable to parameter of type 'never'.
src/pages/api/restore-stock.ts(47,35): error TS2339: Property 'stock' does not exist on type 'never'.
src/pages/api/restore-stock.ts(60,29): error TS2345: Argument of type '{ stock: any; }' is not assignable to parameter of type 'never'.
src/pages/api/restore-stock.ts(60,48): error TS2339: Property 'stock' does not exist on type 'never'.
src/pages/api/restore-stock.ts(67,56): error TS2339: Property 'nombre' does not exist on type 'never'.
src/pages/api/webhooks/stripe.ts(78,46): error TS2339: Property 'id' does not exist on type 'never'.
src/pages/api/webhooks/stripe.ts(93,36): error TS2339: Property 'numero_orden' does not exist on type 'never'.
src/pages/api/webhooks/stripe.ts(95,33): error TS2339: Property 'numero_orden' does not exist on type 'never'.
src/pages/api/webhooks/stripe.ts(130,23): error TS2339: Property 'shipping_details' does not exist on type 'Session'.
src/pages/api/webhooks/stripe.ts(131,22): error TS2339: Property 'shipping_details' does not exist on type 'Session'.
src/pages/api/webhooks/stripe.ts(132,23): error TS2339: Property 'shipping_details' does not exist on type 'Session'.
src/pages/api/webhooks/stripe.ts(133,26): error TS2339: Property 'shipping_details' does not exist on type 'Session'.
src/pages/api/webhooks/stripe.ts(134,30): error TS2339: Property 'shipping_details' does not exist on type 'Session'.
src/pages/api/webhooks/stripe.ts(135,21): error TS2339: Property 'shipping_details' does not exist on type 'Session'.
src/pages/api/webhooks/stripe.ts(143,13): error TS2769: No overload matches this call.
  Overload 1 of 2, '(values: never, options?: { count?: "exact" | "planned" | "estimated" | undefined; } | undefined): PostgrestFilterBuilder<{ PostgrestVersion: "12"; }, never, never, null, "ordenes", never, "POST">', gave the following error.
    Argument of type '{ numero_orden: string; usuario_id: string | null; email: string; nombre: string; telefono: string | null; session_stripe_id: string; estado: string; estado_pago: string; subtotal: number; ... 4 more ...; fecha_pago: string; }' is not assignable to parameter of type 'never'.
  Overload 2 of 2, '(values: never[], options?: { count?: "exact" | "planned" | "estimated" | undefined; defaultToNull?: boolean | undefined; } | undefined): PostgrestFilterBuilder<{ PostgrestVersion: "12"; }, never, never, null, "ordenes", never, "POST">', gave the following error.
    Argument of type '{ numero_orden: string; usuario_id: string | null; email: string; nombre: string; telefono: string | null; session_stripe_id: string; estado: string; estado_pago: string; subtotal: number; ... 4 more ...; fecha_pago: string; }' is not assignable to parameter of type 'never[]'.
      Type '{ numero_orden: string; usuario_id: string | null; email: string; nombre: string; telefono: string | null; session_stripe_id: string; estado: string; estado_pago: string; subtotal: number; ... 4 more ...; fecha_pago: string; }' is missing the following properties from type 'never[]': length, pop, push, concat, and 29 more.
src/pages/api/webhooks/stripe.ts(186,84): error TS2769: No overload matches this call.
  Overload 1 of 2, '(values: never, options?: { count?: "exact" | "planned" | "estimated" | undefined; } | undefined): PostgrestFilterBuilder<{ PostgrestVersion: "12"; }, never, never, null, "ordenes_items", never, "POST">', gave the following error.
    Argument of type 'any[]' is not assignable to parameter of type 'never'.
  Overload 2 of 2, '(values: never[], options?: { count?: "exact" | "planned" | "estimated" | undefined; defaultToNull?: boolean | undefined; } | undefined): PostgrestFilterBuilder<{ PostgrestVersion: "12"; }, never, never, null, "ordenes_items", never, "POST">', gave the following error.
    Argument of type 'any[]' is not assignable to parameter of type 'never[]'.
      Type 'any' is not assignable to type 'never'.
src/scripts/check_orders.ts(42,45): error TS2339: Property 'creado_en' does not exist on type 'never'.
src/scripts/check_orders.ts(43,50): error TS2339: Property 'fecha_creacion' does not exist on type 'never'.
src/scripts/check_orders.ts(44,57): error TS2339: Property 'created_at' does not exist on type 'never'.
